// Jest Snapshot v1, https://goo.gl/fbAQLP

exports[`BiDirectionalMap #constructor 1`] = `
Map {
  "larry" => "bob",
  "bob" => "larry",
  "tom" => "tim",
  "tim" => "tom",
}
`;

exports[`BiDirectionalMap #set 1`] = `
Map {
  "bob" => "larry",
  "larry" => "bob",
  "tim" => "tom",
  "tom" => "tim",
}
`;

exports[`BiDirectionalMap #set with override 1`] = `
Map {
  "bob" => "kim",
  "kim" => "bob",
}
`;
